lp = -437.5091841451689
z[0] = {1, 1, 1, 2, 2, 0, 2, 0, 2, 2, 0, 2, 1, 1, 0, 0, 2, 2, 2, 0, 1, 0, 2, 1, 2, 1, 2, 2, 2, 2}
z[1] = {1, 2, 1, 1, 1, 0, 0, 2, 0, 1, 2, 1, 1, 2, 2, 1, 2, 0, 2, 1, 2, 2, 2, 2, 0, 0, 0, 0, 1, 1}
{0, 0}, {0.9827586206896551, 0.017241379310344827}
{0, 1}, {0.012658227848101266, 0.9873417721518988}
{0, 2}, {0.9873417721518988, 0.012658227848101266}
{1, 0}, {0.015151515151515152, 0.9848484848484849}
{1, 1}, {0.9888888888888889, 0.011111111111111112}
{1, 2}, {0.011111111111111112, 0.9888888888888889}
{2, 0}, {0.9918032786885246, 0.00819672131147541}
{2, 1}, {0.005988023952095809, 0.9940119760479041}
{2, 2}, {0.005988023952095809, 0.9940119760479041}
